[2025-05-18 12:07:04] production.ERROR: The /home/pawel/wsl/shop/shopen/src/bootstrap/cache directory must be present and writable. {"exception":"[object] (Exception(code: 0): The /home/pawel/wsl/shop/shopen/src/bootstrap/cache directory must be present and writable. at /home/pawel/wsl/shop/shopen/vendor/laravel/framework/src/Illuminate/Foundation/PackageManifest.php:179)
[stacktrace]
#0 /home/pawel/wsl/shop/shopen/vendor/laravel/framework/src/Illuminate/Foundation/PackageManifest.php(132): Illuminate\\Foundation\\PackageManifest->write()
#1 /home/pawel/wsl/shop/shopen/vendor/laravel/framework/src/Illuminate/Foundation/PackageManifest.php(108): Illuminate\\Foundation\\PackageManifest->build()
#2 /home/pawel/wsl/shop/shopen/vendor/laravel/framework/src/Illuminate/Foundation/PackageManifest.php(90): Illuminate\\Foundation\\PackageManifest->getManifest()
#3 /home/pawel/wsl/shop/shopen/vendor/laravel/framework/src/Illuminate/Foundation/PackageManifest.php(79): Illuminate\\Foundation\\PackageManifest->config()
#4 /home/pawel/wsl/shop/shopen/vendor/laravel/framework/src/Illuminate/Foundation/Bootstrap/RegisterFacades.php(26): Illuminate\\Foundation\\PackageManifest->aliases()
#5 /home/pawel/wsl/shop/shopen/vendor/laravel/framework/src/Illuminate/Foundation/Application.php(341): Illuminate\\Foundation\\Bootstrap\\RegisterFacades->bootstrap()
#6 /home/pawel/wsl/shop/shopen/vendor/laravel/framework/src/Illuminate/Foundation/Console/Kernel.php(473): Illuminate\\Foundation\\Application->bootstrapWith()
#7 /home/pawel/wsl/shop/shopen/vendor/laravel/framework/src/Illuminate/Foundation/Console/Kernel.php(195): Illuminate\\Foundation\\Console\\Kernel->bootstrap()
#8 /home/pawel/wsl/shop/shopen/vendor/laravel/framework/src/Illuminate/Foundation/Application.php(1234): Illuminate\\Foundation\\Console\\Kernel->handle()
#9 /home/pawel/wsl/shop/shopen/src/artisan(16): Illuminate\\Foundation\\Application->handleCommand()
#10 {main}
"} 
[2025-05-18 12:08:29] production.ERROR: file_get_contents(/home/pawel/wsl/shop/shopen/src/composer.json): Failed to open stream: No such file or directory {"exception":"[object] (ErrorException(code: 0): file_get_contents(/home/pawel/wsl/shop/shopen/src/composer.json): Failed to open stream: No such file or directory at /home/pawel/wsl/shop/shopen/vendor/laravel/framework/src/Illuminate/Foundation/Application.php:1706)
[stacktrace]
#0 /home/pawel/wsl/shop/shopen/vendor/laravel/framework/src/Illuminate/Foundation/Bootstrap/HandleExceptions.php(256): Illuminate\\Foundation\\Bootstrap\\HandleExceptions->handleError()
#1 [internal function]: Illuminate\\Foundation\\Bootstrap\\HandleExceptions->Illuminate\\Foundation\\Bootstrap\\{closure}()
#2 /home/pawel/wsl/shop/shopen/vendor/laravel/framework/src/Illuminate/Foundation/Application.php(1706): file_get_contents()
#3 /home/pawel/wsl/shop/shopen/vendor/laravel/framework/src/Illuminate/Console/GeneratorCommand.php(436): Illuminate\\Foundation\\Application->getNamespace()
#4 /home/pawel/wsl/shop/shopen/vendor/laravel/framework/src/Illuminate/Console/GeneratorCommand.php(208): Illuminate\\Console\\GeneratorCommand->rootNamespace()
#5 /home/pawel/wsl/shop/shopen/vendor/laravel/framework/src/Illuminate/Console/GeneratorCommand.php(161): Illuminate\\Console\\GeneratorCommand->qualifyClass()
#6 /home/pawel/wsl/shop/shopen/vendor/laravel/framework/src/Illuminate/Foundation/Console/ModelMakeCommand.php(49): Illuminate\\Console\\GeneratorCommand->handle()
#7 /home/pawel/wsl/shop/shopen/vendor/laravel/framework/src/Illuminate/Container/BoundMethod.php(36): Illuminate\\Foundation\\Console\\ModelMakeCommand->handle()
#8 /home/pawel/wsl/shop/shopen/vendor/laravel/framework/src/Illuminate/Container/Util.php(43): Illuminate\\Container\\BoundMethod::Illuminate\\Container\\{closure}()
#9 /home/pawel/wsl/shop/shopen/vendor/laravel/framework/src/Illuminate/Container/BoundMethod.php(96): Illuminate\\Container\\Util::unwrapIfClosure()
#10 /home/pawel/wsl/shop/shopen/vendor/laravel/framework/src/Illuminate/Container/BoundMethod.php(35): Illuminate\\Container\\BoundMethod::callBoundMethod()
#11 /home/pawel/wsl/shop/shopen/vendor/laravel/framework/src/Illuminate/Container/Container.php(754): Illuminate\\Container\\BoundMethod::call()
#12 /home/pawel/wsl/shop/shopen/vendor/laravel/framework/src/Illuminate/Console/Command.php(211): Illuminate\\Container\\Container->call()
#13 /home/pawel/wsl/shop/shopen/vendor/symfony/console/Command/Command.php(279): Illuminate\\Console\\Command->execute()
#14 /home/pawel/wsl/shop/shopen/vendor/laravel/framework/src/Illuminate/Console/Command.php(180): Symfony\\Component\\Console\\Command\\Command->run()
#15 /home/pawel/wsl/shop/shopen/vendor/symfony/console/Application.php(1094): Illuminate\\Console\\Command->run()
#16 /home/pawel/wsl/shop/shopen/vendor/symfony/console/Application.php(342): Symfony\\Component\\Console\\Application->doRunCommand()
#17 /home/pawel/wsl/shop/shopen/vendor/symfony/console/Application.php(193): Symfony\\Component\\Console\\Application->doRun()
#18 /home/pawel/wsl/shop/shopen/vendor/laravel/framework/src/Illuminate/Foundation/Console/Kernel.php(197): Symfony\\Component\\Console\\Application->run()
#19 /home/pawel/wsl/shop/shopen/vendor/laravel/framework/src/Illuminate/Foundation/Application.php(1234): Illuminate\\Foundation\\Console\\Kernel->handle()
#20 /home/pawel/wsl/shop/shopen/src/artisan(16): Illuminate\\Foundation\\Application->handleCommand()
#21 {main}
"} 
